Starting to Run Drive at 01:51:06:386 08.28.2018
Finished Running Drive at 01:51:06:386 08.28.2018
Starting to Run Wait at 01:51:06:386 08.28.2018
Finished Running Wait at 01:51:07:401 08.28.2018
Starting to Run Turn at 01:51:07:401 08.28.2018
Finished Running Turn at 01:51:07:401 08.28.2018
Starting to Run Telemetry at 01:51:07:401 08.28.2018
